
> kup50-frontend@0.1.0 build
> tsc -b && vite build

[36mvite v6.4.2 [32mbuilding for production...[36m[39m
transforming...
[32mΓ£ô[39m 1603 modules transformed.
rendering chunks...
computing gzip size...
[2mdist/[22m[32mindex.html                 [39m[1m[2m  0.40 kB[22m[1m[22m[2m Γöé gzip:  0.27 kB[22m
[2mdist/[22m[35massets/index-Bmuo7ONA.css  [39m[1m[2m 27.01 kB[22m[1m[22m[2m Γöé gzip:  5.75 kB[22m
[2mdist/[22m[36massets/index-Q5u1PjM3.js   [39m[1m[2m231.69 kB[22m[1m[22m[2m Γöé gzip: 69.74 kB[22m
[32mΓ£ô built in 4.44s[39m
